// Jest Snapshot v1, https://goo.gl/fbAQLP

exports[`<BooleanRadioField /> should match snapshot 1`] = `
<div
  className="wrapper"
  data-testid="text-field-base-story-wrapper"
  id="text-field-base-story-wrapper"
>
  <div
    className="label"
  >
    ¿Realiza operaciones internacionales?
    Array [
      <span
        className="mobile-inline-only"
        data-testid="text-field-base-story-tooltip-icon-mobile-span-wrapper"
        id="text-field-base-story-tooltip-icon-mobile-span-wrapper"
      >
        <div
          className="wrapper"
          data-testid="text-field-base-story-tooltip-icon-mobile-wrapper"
          id="text-field-base-story-tooltip-icon-mobile-wrapper"
          onClick={[Function]}
        >
          <div
            className="content-wrapper"
            data-testid="text-field-base-story-tooltip-icon-mobile"
            id="text-field-base-story-tooltip-icon-mobile"
            style={
              Object {
                "width": "calc(calc(100vw - 0px) - 0px)",
              }
            }
          >
            <div
              className="content-body"
            >
              <span
                className="icon-wrapper"
              >
                <span
                  className="icon icon-close icon-close"
                  data-testid="text-field-base-story-tooltip-icon-mobile-icon-close"
                  id="text-field-base-story-tooltip-icon-mobile-icon-close"
                />
              </span>
              <div
                className="content-text"
              >
                <span>
                  Son los movimientos financieros que realizas en otros países a través de cuentas en el exterior a tu nombre. No son compras por internet, suscripciones a servicios o remesas/giros.
                </span>
              </div>
            </div>
          </div>
          <span
            className="icon icon-exclamation-open-circle trigger"
            data-testid="text-field-base-story-tooltip-icon-mobile-trigger"
            id="text-field-base-story-tooltip-icon-mobile-trigger"
          />
        </div>
      </span>,
      <span
        className="desktop-inline-only"
        data-testid="text-field-base-story-tooltip-icon-desktop-span-wrapper"
        id="text-field-base-story-tooltip-icon-desktop-span-wrapper"
      >
        <div
          className="wrapper"
          data-testid="text-field-base-story-tooltip-icon-desktop-wrapper"
          id="text-field-base-story-tooltip-icon-desktop-wrapper"
          onClick={[Function]}
        >
          <div
            className="content-wrapper content-wrapper--static-width"
            data-testid="text-field-base-story-tooltip-icon-desktop"
            id="text-field-base-story-tooltip-icon-desktop"
          >
            <div
              className="content-body"
            >
              <span
                className="icon-wrapper"
              >
                <span
                  className="icon icon-close icon-close"
                  data-testid="text-field-base-story-tooltip-icon-desktop-icon-close"
                  id="text-field-base-story-tooltip-icon-desktop-icon-close"
                />
              </span>
              <div
                className="content-text"
              >
                <span>
                  Son los movimientos financieros que realizas en otros países a través de cuentas en el exterior a tu nombre. No son compras por internet, suscripciones a servicios o remesas/giros.
                </span>
              </div>
            </div>
          </div>
          <span
            className="icon icon-exclamation-open-circle trigger"
            data-testid="text-field-base-story-tooltip-icon-desktop-trigger"
            id="text-field-base-story-tooltip-icon-desktop-trigger"
          />
        </div>
      </span>,
    ]
  </div>
  <div
    className="radio-buttons-wrapper"
  >
    <label
      className="wrapper wrapper--enabled"
      data-testid="text-field-base-story-false-radio-wrapper"
      id="text-field-base-story-false-radio-wrapper"
    >
      <span
        className="control-wrapper"
      >
        <input
          className="input"
          data-testid="text-field-base-story-false-radio"
          defaultChecked={true}
          id="text-field-base-story-false-radio"
          name="international-payments"
          onChange={[Function]}
          type="radio"
          value="false"
        />
        <span
          className="control"
        >
          <span
            className="control__circle"
          />
        </span>
      </span>
      <span
        className="label"
      >
        No
      </span>
    </label>
    <label
      className="wrapper wrapper--enabled"
      data-testid="text-field-base-story-true-radio-wrapper"
      id="text-field-base-story-true-radio-wrapper"
    >
      <span
        className="control-wrapper"
      >
        <input
          className="input"
          data-testid="text-field-base-story-true-radio"
          defaultChecked={false}
          id="text-field-base-story-true-radio"
          name="international-payments"
          onChange={[Function]}
          type="radio"
          value="true"
        />
        <span
          className="control"
        >
          <span
            className="control__circle"
          />
        </span>
      </span>
      <span
        className="label"
      >
        Si
      </span>
    </label>
  </div>
</div>
`;
