// Jest Snapshot v1, https://goo.gl/fbAQLP

exports[`ConfirmModal ConfirmModal should renders ok 1`] = `
<Dialog
  dataTestId="confirm-modal-dialog"
  id="confirm-modal-dialog"
  onToggle={[Function]}
  show={false}
  width={320}
>
  <div
    className="confirm-modal-wrapper"
    data-testid="confirm-modal-wrapper"
    id="confirm-modal-wrapper"
  >
    <div
      className="img"
    >
      <span
        className="icon icon-exclamation-open-circle"
      />
    </div>
    <div
      className="title"
    >
      Modal title
    </div>
    <div
      className="description"
    />
    <div
      className="button"
    >
      <Button
        dataTestId="confirm-modal-primary-button"
        fullWidth={true}
        id="confirm-modal-primary-button"
        onClick={[Function]}
        size="md"
        text="main"
        variant="primary"
      />
    </div>
    <span
      className="secondary-button"
      data-testid="confirm-modal-secondary-button"
      id="confirm-modal-secondary-button"
      onClick={[Function]}
    >
      second
    </span>
  </div>
</Dialog>
`;
