// Jest Snapshot v1, https://goo.gl/fbAQLP

exports[`<TooltipIcon /> should match snapshot 1`] = `
Array [
  <span
    className="mobile-inline-only"
  >
    <div
      className="wrapper"
      data-testid="tooltip-wrapper"
      id="tooltip-wrapper"
      onClick={[Function]}
    >
      <div
        className="content-wrapper"
        data-testid="tooltip"
        id="tooltip"
        style={
          Object {
            "width": "calc(calc(100vw - 20px) - 20px)",
          }
        }
      >
        <div
          className="content-body"
          data-testid="tooltip-content-body"
          id="tooltip-content-body"
        >
          <span
            className="icon-wrapper"
            data-testid="tooltip-icon-wrapper"
            id="tooltip-icon-wrapper"
          >
            <span
              className="icon icon-close icon-close"
              data-testid="tooltip-close-icon"
              id="tooltip-close-icon"
            />
          </span>
          <div
            className="content-text"
            data-testid="tooltip-content-text"
            id="tooltip-content-text"
          >
            <span>
              tooltipTextTitle
            </span>
            <span>
              tooltipTextBody
            </span>
          </div>
        </div>
      </div>
      <span
        className="icon icon-exclamation-open-circle trigger"
        data-testid="icon-exclamation-open-circle"
        id="icon-exclamation-open-circle"
      />
    </div>
  </span>,
  <span
    className="desktop-inline-only"
  >
    <div
      className="wrapper"
      data-testid="tooltip-wrapper"
      id="tooltip-wrapper"
      onClick={[Function]}
    >
      <div
        className="content-wrapper content-wrapper--static-width"
        data-testid="tooltip"
        id="tooltip"
      >
        <div
          className="content-body"
          data-testid="tooltip-content-body"
          id="tooltip-content-body"
        >
          <span
            className="icon-wrapper"
            data-testid="tooltip-icon-wrapper"
            id="tooltip-icon-wrapper"
          >
            <span
              className="icon icon-close icon-close"
              data-testid="tooltip-close-icon"
              id="tooltip-close-icon"
            />
          </span>
          <div
            className="content-text"
            data-testid="tooltip-content-text"
            id="tooltip-content-text"
          >
            <span>
              tooltipTextTitle
            </span>
            <span>
              tooltipTextBody
            </span>
          </div>
        </div>
      </div>
      <span
        className="icon icon-exclamation-open-circle trigger"
        data-testid="icon-exclamation-open-circle"
        id="icon-exclamation-open-circle"
      />
    </div>
  </span>,
]
`;
