// Jest Snapshot v1, https://goo.gl/fbAQLP

exports[`<TooltipIcon /> should match snapshot 1`] = `
Array [
  <span
    className="mobile-inline-only"
    data-testid="tooltip-icon-mobile-span-wrapper"
    id="tooltip-icon-mobile-span-wrapper"
  >
    <div
      className="wrapper"
      data-testid="tooltip-icon-mobile-wrapper"
      id="tooltip-icon-mobile-wrapper"
      onClick={[Function]}
    >
      <div
        className="content-wrapper"
        data-testid="tooltip-icon-mobile"
        id="tooltip-icon-mobile"
        style={
          Object {
            "width": "calc(calc(100vw - 20px) - 20px)",
          }
        }
      >
        <div
          className="content-body"
        >
          <span
            className="icon-wrapper"
          >
            <span
              className="icon icon-close icon-close"
              data-testid="tooltip-icon-mobile-icon-close"
              id="tooltip-icon-mobile-icon-close"
            />
          </span>
          <div
            className="content-text"
          >
            <span>
              tooltipTextTitle
            </span>
            <span>
              tooltipTextBody
            </span>
          </div>
        </div>
      </div>
      <span
        className="icon icon-exclamation-open-circle trigger"
        data-testid="tooltip-icon-mobile-trigger"
        id="tooltip-icon-mobile-trigger"
      />
    </div>
  </span>,
  <span
    className="desktop-inline-only"
    data-testid="tooltip-icon-desktop-span-wrapper"
    id="tooltip-icon-desktop-span-wrapper"
  >
    <div
      className="wrapper"
      data-testid="tooltip-icon-desktop-wrapper"
      id="tooltip-icon-desktop-wrapper"
      onClick={[Function]}
    >
      <div
        className="content-wrapper content-wrapper--static-width"
        data-testid="tooltip-icon-desktop"
        id="tooltip-icon-desktop"
      >
        <div
          className="content-body"
        >
          <span
            className="icon-wrapper"
          >
            <span
              className="icon icon-close icon-close"
              data-testid="tooltip-icon-desktop-icon-close"
              id="tooltip-icon-desktop-icon-close"
            />
          </span>
          <div
            className="content-text"
          >
            <span>
              tooltipTextTitle
            </span>
            <span>
              tooltipTextBody
            </span>
          </div>
        </div>
      </div>
      <span
        className="icon icon-exclamation-open-circle trigger"
        data-testid="tooltip-icon-desktop-trigger"
        id="tooltip-icon-desktop-trigger"
      />
    </div>
  </span>,
]
`;
