// Jest Snapshot v1, https://goo.gl/fbAQLP

exports[`<Modal /> Should match snapshot 1`] = `
<div
  className="wrapper show false"
  data-testid="modal-wrapper"
  id="modal-wrapper"
>
  <div
    className="overflow"
    onClick={[Function]}
  />
  <div
    className="modal"
    data-testid="modal"
    id="modal"
  >
    <div
      className="header"
      data-testid="modal-header"
      id="modal-header"
    >
      <div
        className="close"
        data-testid="modal-close"
        id="modal-close"
      >
        <span
          className="icon icon-close icon"
          data-testid="modal-icon-close"
          id="modal-icon-close"
          onClick={[Function]}
        />
      </div>
      <div
        className="title"
        data-testid="modal-title"
        id="modal-title"
      >
        <h6>
          title
        </h6>
      </div>
    </div>
    <div
      className="content"
      data-testid="modal-content"
      id="modal-content"
    />
    <div
      className="footer"
      data-testid="modal-footer"
      id="modal-footer"
    >
      <button
        className="default primary size-lg"
        data-testid="modal-primary-button"
        disabled={false}
        id="modal-primary-button"
        onClick={[Function]}
        type="button"
      >
        ok
      </button>
    </div>
  </div>
</div>
`;
